2019/01/05 05:12:55 /home/ec2-user/.ghq/github.com/rainbow23/study_golang/channel.go:21: Exit open fafafa: no such file or directory
2019/01/05 05:13:32 /home/ec2-user/.ghq/github.com/rainbow23/study_golang/channel.go:22: Exit open fafafa: no such file or directory
2019/01/05 05:13:50 /home/ec2-user/.ghq/github.com/rainbow23/study_golang/channel.go:22: Exit open fafafa: no such file or directory
2019/01/05 05:14:05 /home/ec2-user/.ghq/github.com/rainbow23/study_golang/channel.go:22: Exit open fafafa: no such file or directory
2019/01/05 05:14:12 /home/ec2-user/.ghq/github.com/rainbow23/study_golang/channel.go:22: Exit open fafafa: no such file or directory
